Client:
 Version:           29.7.2
 API version:       1.55
 Go version:        go1.26.5
 Git commit:        a7dcaa6
 Built:             Wed Aug  5 18:27:50 2026
 OS/Arch:           darwin/arm64
 Context:           default

Server: Docker Desktop 4.88.1 (237512)
 Engine:
  Version:          29.7.2
  API version:      1.55 (minimum version 1.40)
  Go version:       go1.26.5
  Git commit:       6a43e3d
  Built:            Wed Aug  5 18:28:35 2026
  OS/Arch:          linux/arm64
  Experimental:     false
 containerd:
  Version:          v2.3.3
  GitCommit:        aad11006b869517fcd3009450b6f82da282e1a9b
 runc:
  Version:          1.4.3
  GitCommit:        v1.4.3-0-gbb14dabe
 docker-init:
  Version:          0.19.0
  GitCommit:        de40ad0

Docker Compose version v5.4.0

Isolated project: dashbite-test-d2bcb3b447c4; root: /tmp/dashbite-verify-data; port: 49663
PASS: default/custom Compose configuration
 Image dashbite-test-d2bcb3b447c4:local Building 
#1 [internal] load local bake definitions
#1 reading from stdin 632B done
#1 DONE 0.0s

#2 [internal] load build definition from Dockerfile
#2 transferring dockerfile: 391B 0.0s done
#2 DONE 0.0s

#3 [internal] load metadata for docker.io/library/python:3.12-slim
#3 DONE 1.1s

#4 [internal] load .dockerignore
#4 transferring context: 33B 0.1s
#4 transferring context: 289B 0.1s done
#4 DONE 0.1s

#5 [1/6] FROM docker.io/library/python:3.12-slim@sha256:f77ac9e44ae96ef2c90b8053ea08c31f8be030f824196b0ae4db6d462c84e51f
#5 resolve docker.io/library/python:3.12-slim@sha256:f77ac9e44ae96ef2c90b8053ea08c31f8be030f824196b0ae4db6d462c84e51f 0.0s done
#5 DONE 0.0s

#6 [internal] load build context
#6 transferring context: 51.10kB 0.1s done
#6 DONE 0.1s

#7 [2/6] WORKDIR /app
#7 CACHED

#8 [3/6] COPY requirements.txt .
#8 CACHED

#9 [4/6] RUN pip install --no-cache-dir -r requirements.txt
#9 CACHED

#10 [5/6] COPY pipeline/ pipeline/
#10 DONE 0.1s

#11 [6/6] COPY scripts/check_artifacts.py scripts/check_persistence.py scripts/
#11 DONE 0.0s

#12 exporting to image
#12 exporting layers 0.1s done
#12 exporting manifest sha256:80bc246b40dfe73e948793ea2ba99164500c24fb29b3a73560d6ce9af0d5843e done
#12 exporting config sha256:06806300b66833ffd2400e2355a0292340ae8b66ae92a534025e48424ae8983d done
#12 exporting attestation manifest sha256:b4b43e9477c198cb4b6de94ce04458602f17e33852980a2c9dd1b1db80e10c65 done
#12 exporting manifest list sha256:e9b4e47b2754e7b79e2c9dab0ddeeec62a1f586e4e8925b67c2375f0ea650f5b done
#12 naming to docker.io/library/dashbite-test-d2bcb3b447c4:local done
#12 unpacking to docker.io/library/dashbite-test-d2bcb3b447c4:local 0.0s done
#12 DONE 0.2s

#13 resolving provenance for metadata file
#13 DONE 0.0s
 Image dashbite-test-d2bcb3b447c4:local Built 

DATA_ROOT: /tmp/dashbite-verify-data
FAIL: waiting for raw/orders_*.csv under /tmp/dashbite-verify-data

PASS: empty dashboard healthy, pipeline not ready
DATA_ROOT: /tmp/dashbite-verify-data
FAIL: waiting for predictions/predictions_*.csv under /tmp/dashbite-verify-data

DATA_ROOT: /tmp/dashbite-verify-data
DATA_ROOT: /tmp/dashbite-verify-data
raw: 4 files, 200 rows; example: /tmp/dashbite-verify-data/raw/orders_20261001_162809_690227_0000.csv
features: 4 files, 200 rows; example: /tmp/dashbite-verify-data/features/features_orders_20261001_162809_690227_0000.csv
predictions: 1 files, 150 rows; example: /tmp/dashbite-verify-data/predictions/predictions_checkpoint_20261001_162812_002104_1790872095.csv
quality: 1 files, 4 rows; example: /tmp/dashbite-verify-data/quality/batch_quality.csv
checkpoints: 3; example: /tmp/dashbite-verify-data/models/checkpoint_20261001_162812_002104.joblib
                            order_id  late_probability  predicted_late          checkpoint_id
4156d005-7fec-4445-973d-305085070485            0.4651               0 20261001_162812_002104
46d28c30-e665-4518-aac8-8af43383eb7c            0.2821               0 20261001_162812_002104
07fc6710-214c-4a12-98b1-983c84764f41            0.9681               1 20261001_162812_002104
e9b2b453-b613-4ef3-bb64-ee2d7acf0e3c            0.1004               0 20261001_162812_002104
cb2b9ceb-5724-41b7-b486-f26ec874e118            0.7408               1 20261001_162812_002104
PASS: artifacts and handoffs verified

Runtime architecture: aarch64
linux/arm64

altair==6.3.0
anyio==4.15.1
attrs==26.1.0
certifi==2026.7.22
charset-normalizer==3.5.2
click==8.5.0
cloudpickle==3.1.2
h11==0.16.0
httptools==0.8.0
idna==3.20
iniconfig==2.3.0
itsdangerous==2.2.0
Jinja2==3.1.6
joblib==1.6.0
jsonschema==4.26.0
jsonschema-specifications==2025.9.1
MarkupSafe==3.0.3
narwhals==2.26.0
numpy==2.5.3
packaging==26.3
pandas==3.0.6
pillow==12.3.0
pluggy==1.6.0
protobuf==7.36.2
pyarrow==25.0.1
pydeck==0.9.3
Pygments==2.21.0
pytest==9.1.1
python-dateutil==2.9.0.post0
python-multipart==0.0.32
referencing==0.37.0
requests==2.34.2
rpds-py==2026.6.3
scikit-learn==1.9.1
scipy==1.18.1
six==1.17.0
starlette==1.7.0
streamlit==1.64.0
threadpoolctl==3.7.0
toml==0.10.2
typing_extensions==4.16.0
urllib3==2.8.0
uvicorn==0.54.0
watchdog==6.0.0
websockets==16.1.1

BROWSER CHECK: http://127.0.0.1:49663
Open/reload this URL in a real browser. Leave Auto-refresh (15s) checked. Observe at least two automatic updates without reloading, then leave the tab open. Type browser-verified within 180s to run the timed stop:
FAIL: browser observation timed out; NOT VERIFIED
NAME                                      IMAGE                              COMMAND                  SERVICE      CREATED         STATUS                   PORTS
dashbite-test-d2bcb3b447c4-dashboard-1    dashbite-test-d2bcb3b447c4:local   "streamlit run pipel…"   dashboard    3 minutes ago   Up 3 minutes (healthy)   127.0.0.1:49663->8501/tcp
dashbite-test-d2bcb3b447c4-infer-1        dashbite-test-d2bcb3b447c4:local   "python -m pipeline.…"   infer        3 minutes ago   Up 3 minutes             
dashbite-test-d2bcb3b447c4-preprocess-1   dashbite-test-d2bcb3b447c4:local   "python -m pipeline.…"   preprocess   3 minutes ago   Up 3 minutes             
dashbite-test-d2bcb3b447c4-simulator-1    dashbite-test-d2bcb3b447c4:local   "python -m pipeline.…"   simulator    3 minutes ago   Up 3 minutes             
dashbite-test-d2bcb3b447c4-train-1        dashbite-test-d2bcb3b447c4:local   "python -m pipeline.…"   train        3 minutes ago   Up 3 minutes             

infer-1  | using checkpoint checkpoint_20261001_163013_259462.joblib
infer-1  | scored 50 orders with checkpoint_20261001_163013_259462.joblib -> predictions_checkpoint_20261001_163013_259462_1790872214.csv
infer-1  | using checkpoint checkpoint_20261001_163015_410096.joblib
infer-1  | scored 50 orders with checkpoint_20261001_163015_410096.joblib -> predictions_checkpoint_20261001_163015_410096_1790872216.csv
infer-1  | using checkpoint checkpoint_20261001_163017_527932.joblib
infer-1  | scored 50 orders with checkpoint_20261001_163017_527932.joblib -> predictions_checkpoint_20261001_163017_527932_1790872218.csv
infer-1  | using checkpoint checkpoint_20261001_163019_660646.joblib
infer-1  | scored 50 orders with checkpoint_20261001_163019_660646.joblib -> predictions_checkpoint_20261001_163019_660646_1790872220.csv
infer-1  | using checkpoint checkpoint_20261001_163021_859742.joblib
infer-1  | scored 50 orders with checkpoint_20261001_163021_859742.joblib -> predictions_checkpoint_20261001_163021_859742_1790872222.csv
infer-1  | using checkpoint checkpoint_20261001_163024_104408.joblib
infer-1  | scored 50 orders with checkpoint_20261001_163024_104408.joblib -> predictions_checkpoint_20261001_163024_104408_1790872225.csv
infer-1  | using checkpoint checkpoint_20261001_163026_298412.joblib
infer-1  | scored 50 orders with checkpoint_20261001_163026_298412.joblib -> predictions_checkpoint_20261001_163026_298412_1790872227.csv
infer-1  | using checkpoint checkpoint_20261001_163028_400369.joblib
infer-1  | scored 50 orders with checkpoint_20261001_163028_400369.joblib -> predictions_checkpoint_20261001_163028_400369_1790872229.csv
infer-1  | using checkpoint checkpoint_20261001_163030_557297.joblib
infer-1  | scored 50 orders with checkpoint_20261001_163030_557297.joblib -> predictions_checkpoint_20261001_163030_557297_1790872231.csv
infer-1  | using checkpoint checkpoint_20261001_163032_758161.joblib
infer-1  | scored 50 orders with checkpoint_20261001_163032_758161.joblib -> predictions_checkpoint_20261001_163032_758161_1790872233.csv
infer-1  | using checkpoint checkpoint_20261001_163034_841715.joblib
infer-1  | scored 50 orders with checkpoint_20261001_163034_841715.joblib -> predictions_checkpoint_20261001_163034_841715_1790872235.csv
infer-1  | using checkpoint checkpoint_20261001_163036_967495.joblib
infer-1  | scored 50 orders with checkpoint_20261001_163036_967495.joblib -> predictions_checkpoint_20261001_163036_967495_1790872238.csv
infer-1  | using checkpoint checkpoint_20261001_163039_286418.joblib
infer-1  | scored 50 orders with checkpoint_20261001_163039_286418.joblib -> predictions_checkpoint_20261001_163039_286418_1790872240.csv
infer-1  | using checkpoint checkpoint_20261001_163041_406110.joblib
infer-1  | scored 50 orders with checkpoint_20261001_163041_406110.joblib -> predictions_checkpoint_20261001_163041_406110_1790872242.csv
infer-1  | using checkpoint checkpoint_20261001_163043_522879.joblib
infer-1  | scored 50 orders with checkpoint_20261001_163043_522879.joblib -> predictions_checkpoint_20261001_163043_522879_1790872244.csv
infer-1  | using checkpoint checkpoint_20261001_163045_622780.joblib
infer-1  | scored 100 orders with checkpoint_20261001_163045_622780.joblib -> predictions_checkpoint_20261001_163045_622780_1790872246.csv
infer-1  | using checkpoint checkpoint_20261001_163047_751902.joblib
infer-1  | scored 50 orders with checkpoint_20261001_163047_751902.joblib -> predictions_checkpoint_20261001_163047_751902_1790872248.csv
infer-1  | using checkpoint checkpoint_20261001_163049_929867.joblib
infer-1  | scored 50 orders with checkpoint_20261001_163049_929867.joblib -> predictions_checkpoint_20261001_163049_929867_1790872250.csv
infer-1  | using checkpoint checkpoint_20261001_163052_072514.joblib
infer-1  | scored 50 orders with checkpoint_20261001_163052_072514.joblib -> predictions_checkpoint_20261001_163052_072514_1790872253.csv
infer-1  | using checkpoint checkpoint_20261001_163054_289761.joblib
infer-1  | scored 50 orders with checkpoint_20261001_163054_289761.joblib -> predictions_checkpoint_20261001_163054_289761_1790872255.csv
infer-1  | using checkpoint checkpoint_20261001_163056_327127.joblib
infer-1  | scored 50 orders with checkpoint_20261001_163056_327127.joblib -> predictions_checkpoint_20261001_163056_327127_1790872257.csv
infer-1  | using checkpoint checkpoint_20261001_163058_470540.joblib
infer-1  | scored 50 orders with checkpoint_20261001_163058_470540.joblib -> predictions_checkpoint_20261001_163058_470540_1790872260.csv
infer-1  | using checkpoint checkpoint_20261001_163100_614266.joblib
infer-1  | scored 50 orders with checkpoint_20261001_163100_614266.joblib -> predictions_checkpoint_20261001_163100_614266_1790872262.csv
infer-1  | using checkpoint checkpoint_20261001_163102_696975.joblib
infer-1  | scored 50 orders with checkpoint_20261001_163102_696975.joblib -> predictions_checkpoint_20261001_163102_696975_1790872264.csv
infer-1  | using checkpoint checkpoint_20261001_163104_859407.joblib
infer-1  | scored 50 orders with checkpoint_20261001_163104_859407.joblib -> predictions_checkpoint_20261001_163104_859407_1790872266.csv
infer-1  | using checkpoint checkpoint_20261001_163107_033207.joblib
infer-1  | scored 50 orders with checkpoint_20261001_163107_033207.joblib -> predictions_checkpoint_20261001_163107_033207_1790872269.csv
infer-1  | using checkpoint checkpoint_20261001_163109_339484.joblib
infer-1  | scored 100 orders with checkpoint_20261001_163109_339484.joblib -> predictions_checkpoint_20261001_163109_339484_1790872271.csv
infer-1  | using checkpoint checkpoint_20261001_163111_481329.joblib
infer-1  | scored 50 orders with checkpoint_20261001_163111_481329.joblib -> predictions_checkpoint_20261001_163111_481329_1790872273.csv
infer-1  | using checkpoint checkpoint_20261001_163113_572151.joblib
infer-1  | scored 50 orders with checkpoint_20261001_163113_572151.joblib -> predictions_checkpoint_20261001_163113_572151_1790872275.csv
infer-1  | using checkpoint checkpoint_20261001_163115_765908.joblib
infer-1  | scored 50 orders with checkpoint_20261001_163115_765908.joblib -> predictions_checkpoint_20261001_163115_765908_1790872277.csv
simulator-1  | new orders arrived (50 orders) -> orders_20261001_162918_599038_0034.csv
simulator-1  | new orders arrived (50 orders) -> orders_20261001_162920_621959_0035.csv
train-1      | trained checkpoint checkpoint_20261001_162910_954969.joblib (accuracy=0.739, labeled=1500)
train-1      | trained checkpoint checkpoint_20261001_162913_063073.joblib (accuracy=0.771, labeled=1550)
train-1      | trained checkpoint checkpoint_20261001_162915_127833.joblib (accuracy=0.757, labeled=1600)
train-1      | trained checkpoint checkpoint_20261001_162917_263197.joblib (accuracy=0.770, labeled=1650)
train-1      | trained checkpoint checkpoint_20261001_162919_368450.joblib (accuracy=0.779, labeled=1700)
train-1      | trained checkpoint checkpoint_20261001_162921_454849.joblib (accuracy=0.749, labeled=1750)
dashboard-1  | 
dashboard-1  | Collecting usage statistics. To deactivate, set browser.gatherUsageStats to false.
train-1      | trained checkpoint checkpoint_20261001_162923_544757.joblib (accuracy=0.751, labeled=1800)
train-1      | trained checkpoint checkpoint_20261001_162925_839719.joblib (accuracy=0.747, labeled=1850)
train-1      | trained checkpoint checkpoint_20261001_162927_961221.joblib (accuracy=0.739, labeled=1900)
train-1      | trained checkpoint checkpoint_20261001_162930_068714.joblib (accuracy=0.732, labeled=1950)
simulator-1  | new orders arrived (50 orders) -> orders_20261001_162922_641223_0036.csv
simulator-1  | new orders arrived (50 orders) -> orders_20261001_162924_670214_0037.csv
dashboard-1  | 
simulator-1  | new orders arrived (50 orders) -> orders_20261001_162926_800126_0038.csv
dashboard-1  | 2026-10-01 16:27:55.049 Uvicorn server started on 0.0.0.0:8501
dashboard-1  | 
dashboard-1  |   You can now view your Streamlit app in your browser.
simulator-1  | new orders arrived (50 orders) -> orders_20261001_162928_812464_0039.csv
simulator-1  | new orders arrived (50 orders) -> orders_20261001_162930_845811_0040.csv
simulator-1  | new orders arrived (50 orders) -> orders_20261001_162932_867472_0041.csv
simulator-1  | new orders arrived (50 orders) -> orders_20261001_162934_886165_0042.csv
simulator-1  | new orders arrived (50 orders) -> orders_20261001_162936_897439_0043.csv
dashboard-1  | 
dashboard-1  |   Local URL: http://localhost:8501
simulator-1  | new orders arrived (50 orders) -> orders_20261001_162938_914645_0044.csv
train-1      | trained checkpoint checkpoint_20261001_162932_148056.joblib (accuracy=0.736, labeled=2000)
train-1      | trained checkpoint checkpoint_20261001_162934_454347.joblib (accuracy=0.737, labeled=2050)
train-1      | trained checkpoint checkpoint_20261001_162936_535635.joblib (accuracy=0.734, labeled=2150)
train-1      | trained checkpoint checkpoint_20261001_162938_684222.joblib (accuracy=0.745, labeled=2200)
simulator-1  | new orders arrived (50 orders) -> orders_20261001_162940_923086_0045.csv
train-1      | trained checkpoint checkpoint_20261001_162940_776963.joblib (accuracy=0.728, labeled=2250)
train-1      | trained checkpoint checkpoint_20261001_162942_894075.joblib (accuracy=0.736, labeled=2300)
simulator-1  | new orders arrived (50 orders) -> orders_20261001_162942_959946_0046.csv
simulator-1  | new orders arrived (50 orders) -> orders_20261001_162945_058527_0047.csv
simulator-1  | new orders arrived (50 orders) -> orders_20261001_162947_082867_0048.csv
train-1      | trained checkpoint checkpoint_20261001_162945_270489.joblib (accuracy=0.740, labeled=2350)
train-1      | trained checkpoint checkpoint_20261001_162947_384223.joblib (accuracy=0.728, labeled=2400)
train-1      | trained checkpoint checkpoint_20261001_162949_506197.joblib (accuracy=0.728, labeled=2450)
train-1      | trained checkpoint checkpoint_20261001_162951_620853.joblib (accuracy=0.742, labeled=2500)
train-1      | trained checkpoint checkpoint_20261001_162953_710592.joblib (accuracy=0.726, labeled=2550)
train-1      | trained checkpoint checkpoint_20261001_162955_693945.joblib (accuracy=0.726, labeled=2600)
dashboard-1  |   Network URL: http://172.20.0.2:8501
train-1      | trained checkpoint checkpoint_20261001_162958_099129.joblib (accuracy=0.741, labeled=2650)
train-1      | trained checkpoint checkpoint_20261001_163000_245639.joblib (accuracy=0.732, labeled=2700)
dashboard-1  |   External URL: http://173.95.247.35:8501
train-1      | trained checkpoint checkpoint_20261001_163002_473133.joblib (accuracy=0.719, labeled=2750)
dashboard-1  | 
train-1      | trained checkpoint checkpoint_20261001_163004_624077.joblib (accuracy=0.733, labeled=2800)
train-1      | trained checkpoint checkpoint_20261001_163006_754803.joblib (accuracy=0.735, labeled=2850)
train-1      | trained checkpoint checkpoint_20261001_163008_963034.joblib (accuracy=0.733, labeled=2950)
train-1      | trained checkpoint checkpoint_20261001_163011_085064.joblib (accuracy=0.748, labeled=3000)
train-1      | trained checkpoint checkpoint_20261001_163013_259462.joblib (accuracy=0.739, labeled=3050)
train-1      | trained checkpoint checkpoint_20261001_163015_410096.joblib (accuracy=0.746, labeled=3100)
simulator-1  | new orders arrived (50 orders) -> orders_20261001_162949_105457_0049.csv
simulator-1  | new orders arrived (50 orders) -> orders_20261001_162951_129996_0050.csv
train-1      | trained checkpoint checkpoint_20261001_163017_527932.joblib (accuracy=0.747, labeled=3150)
simulator-1  | new orders arrived (50 orders) -> orders_20261001_162953_142722_0051.csv
simulator-1  | new orders arrived (50 orders) -> orders_20261001_162955_163502_0052.csv
train-1      | trained checkpoint checkpoint_20261001_163019_660646.joblib (accuracy=0.735, labeled=3200)
train-1      | trained checkpoint checkpoint_20261001_163021_859742.joblib (accuracy=0.738, labeled=3250)
train-1      | trained checkpoint checkpoint_20261001_163024_104408.joblib (accuracy=0.736, labeled=3300)
train-1      | trained checkpoint checkpoint_20261001_163026_298412.joblib (accuracy=0.748, labeled=3400)
train-1      | trained checkpoint checkpoint_20261001_163028_400369.joblib (accuracy=0.743, labeled=3450)
train-1      | trained checkpoint checkpoint_20261001_163030_557297.joblib (accuracy=0.751, labeled=3500)
train-1      | trained checkpoint checkpoint_20261001_163032_758161.joblib (accuracy=0.744, labeled=3550)
train-1      | trained checkpoint checkpoint_20261001_163034_841715.joblib (accuracy=0.728, labeled=3600)
train-1      | trained checkpoint checkpoint_20261001_163036_967495.joblib (accuracy=0.726, labeled=3650)
train-1      | trained checkpoint checkpoint_20261001_163039_286418.joblib (accuracy=0.735, labeled=3700)
train-1      | trained checkpoint checkpoint_20261001_163041_406110.joblib (accuracy=0.722, labeled=3750)
train-1      | trained checkpoint checkpoint_20261001_163043_522879.joblib (accuracy=0.734, labeled=3800)
train-1      | trained checkpoint checkpoint_20261001_163045_622780.joblib (accuracy=0.741, labeled=3850)
train-1      | trained checkpoint checkpoint_20261001_163047_751902.joblib (accuracy=0.723, labeled=3900)
train-1      | trained checkpoint checkpoint_20261001_163049_929867.joblib (accuracy=0.739, labeled=3950)
simulator-1  | new orders arrived (50 orders) -> orders_20261001_162957_074302_0053.csv
simulator-1  | new orders arrived (50 orders) -> orders_20261001_162959_097288_0054.csv
simulator-1  | new orders arrived (50 orders) -> orders_20261001_163001_130169_0055.csv
simulator-1  | new orders arrived (50 orders) -> orders_20261001_163003_157161_0056.csv
simulator-1  | new orders arrived (50 orders) -> orders_20261001_163005_209790_0057.csv
simulator-1  | new orders arrived (50 orders) -> orders_20261001_163007_259156_0058.csv
simulator-1  | new orders arrived (50 orders) -> orders_20261001_163009_279382_0059.csv
simulator-1  | new orders arrived (50 orders) -> orders_20261001_163011_299163_0060.csv
simulator-1  | new orders arrived (50 orders) -> orders_20261001_163013_313259_0061.csv
simulator-1  | new orders arrived (50 orders) -> orders_20261001_163015_350015_0062.csv
simulator-1  | new orders arrived (50 orders) -> orders_20261001_163017_365164_0063.csv
simulator-1  | new orders arrived (50 orders) -> orders_20261001_163019_391564_0064.csv
simulator-1  | new orders arrived (50 orders) -> orders_20261001_163021_427899_0065.csv
simulator-1  | new orders arrived (50 orders) -> orders_20261001_163023_466364_0066.csv
simulator-1  | new orders arrived (50 orders) -> orders_20261001_163025_505738_0067.csv
simulator-1  | new orders arrived (50 orders) -> orders_20261001_163027_587459_0068.csv
simulator-1   | new orders arrived (50 orders) -> orders_20261001_163029_612535_0069.csv
simulator-1   | new orders arrived (50 orders) -> orders_20261001_163031_624401_0070.csv
simulator-1   | new orders arrived (50 orders) -> orders_20261001_163033_633731_0071.csv
simulator-1   | new orders arrived (50 orders) -> orders_20261001_163035_673045_0072.csv
simulator-1   | new orders arrived (50 orders) -> orders_20261001_163037_712542_0073.csv
simulator-1   | new orders arrived (50 orders) -> orders_20261001_163039_740447_0074.csv
simulator-1   | new orders arrived (50 orders) -> orders_20261001_163041_763390_0075.csv
simulator-1   | new orders arrived (50 orders) -> orders_20261001_163043_777148_0076.csv
simulator-1   | new orders arrived (50 orders) -> orders_20261001_163045_797547_0077.csv
simulator-1   | new orders arrived (50 orders) -> orders_20261001_163047_806334_0078.csv
simulator-1   | new orders arrived (50 orders) -> orders_20261001_163049_816025_0079.csv
simulator-1   | new orders arrived (50 orders) -> orders_20261001_163051_834039_0080.csv
simulator-1   | new orders arrived (50 orders) -> orders_20261001_163053_864898_0081.csv
simulator-1   | new orders arrived (50 orders) -> orders_20261001_163055_893537_0082.csv
simulator-1   | new orders arrived (50 orders) -> orders_20261001_163057_793080_0083.csv
simulator-1   | new orders arrived (50 orders) -> orders_20261001_163059_809736_0084.csv
preprocess-1  | preprocessed orders_20261001_162916_580416_0033.csv -> features_orders_20261001_162916_580416_0033.csv (50/50 rows kept, drop_rate=0.0%)
preprocess-1  | preprocessed orders_20261001_162918_599038_0034.csv -> features_orders_20261001_162918_599038_0034.csv (50/50 rows kept, drop_rate=0.0%)
preprocess-1  | preprocessed orders_20261001_162920_621959_0035.csv -> features_orders_20261001_162920_621959_0035.csv (50/50 rows kept, drop_rate=0.0%)
preprocess-1  | preprocessed orders_20261001_162922_641223_0036.csv -> features_orders_20261001_162922_641223_0036.csv (50/50 rows kept, drop_rate=0.0%)
preprocess-1  | preprocessed orders_20261001_162924_670214_0037.csv -> features_orders_20261001_162924_670214_0037.csv (50/50 rows kept, drop_rate=0.0%)
simulator-1   | new orders arrived (50 orders) -> orders_20261001_163101_837625_0085.csv
simulator-1   | new orders arrived (50 orders) -> orders_20261001_163103_850205_0086.csv
simulator-1   | new orders arrived (50 orders) -> orders_20261001_163106_039920_0087.csv
simulator-1   | new orders arrived (50 orders) -> orders_20261001_163108_094847_0088.csv
simulator-1   | new orders arrived (50 orders) -> orders_20261001_163110_116972_0089.csv
simulator-1   | new orders arrived (50 orders) -> orders_20261001_163112_148603_0090.csv
preprocess-1  | preprocessed orders_20261001_162926_800126_0038.csv -> features_orders_20261001_162926_800126_0038.csv (50/50 rows kept, drop_rate=0.0%)
preprocess-1  | preprocessed orders_20261001_162928_812464_0039.csv -> features_orders_20261001_162928_812464_0039.csv (50/50 rows kept, drop_rate=0.0%)
preprocess-1  | preprocessed orders_20261001_162930_845811_0040.csv -> features_orders_20261001_162930_845811_0040.csv (50/50 rows kept, drop_rate=0.0%)
preprocess-1  | preprocessed orders_20261001_162932_867472_0041.csv -> features_orders_20261001_162932_867472_0041.csv (50/50 rows kept, drop_rate=0.0%)
preprocess-1  | preprocessed orders_20261001_162934_886165_0042.csv -> features_orders_20261001_162934_886165_0042.csv (50/50 rows kept, drop_rate=0.0%)
preprocess-1  | preprocessed orders_20261001_162936_897439_0043.csv -> features_orders_20261001_162936_897439_0043.csv (50/50 rows kept, drop_rate=0.0%)
preprocess-1  | preprocessed orders_20261001_162938_914645_0044.csv -> features_orders_20261001_162938_914645_0044.csv (50/50 rows kept, drop_rate=0.0%)
preprocess-1  | preprocessed orders_20261001_162940_923086_0045.csv -> features_orders_20261001_162940_923086_0045.csv (50/50 rows kept, drop_rate=0.0%)
preprocess-1  | preprocessed orders_20261001_162942_959946_0046.csv -> features_orders_20261001_162942_959946_0046.csv (50/50 rows kept, drop_rate=0.0%)
simulator-1   | new orders arrived (50 orders) -> orders_20261001_163114_164962_0091.csv
preprocess-1  | preprocessed orders_20261001_162945_058527_0047.csv -> features_orders_20261001_162945_058527_0047.csv (50/50 rows kept, drop_rate=0.0%)
preprocess-1  | preprocessed orders_20261001_162947_082867_0048.csv -> features_orders_20261001_162947_082867_0048.csv (50/50 rows kept, drop_rate=0.0%)
preprocess-1  | preprocessed orders_20261001_162949_105457_0049.csv -> features_orders_20261001_162949_105457_0049.csv (50/50 rows kept, drop_rate=0.0%)
simulator-1   | new orders arrived (50 orders) -> orders_20261001_163116_205141_0092.csv
simulator-1   | new orders arrived (50 orders) -> orders_20261001_163118_221656_0093.csv
preprocess-1  | preprocessed orders_20261001_162951_129996_0050.csv -> features_orders_20261001_162951_129996_0050.csv (50/50 rows kept, drop_rate=0.0%)
preprocess-1  | preprocessed orders_20261001_162953_142722_0051.csv -> features_orders_20261001_162953_142722_0051.csv (50/50 rows kept, drop_rate=0.0%)
preprocess-1  | preprocessed orders_20261001_162955_163502_0052.csv -> features_orders_20261001_162955_163502_0052.csv (50/50 rows kept, drop_rate=0.0%)
preprocess-1  | preprocessed orders_20261001_162957_074302_0053.csv -> features_orders_20261001_162957_074302_0053.csv (50/50 rows kept, drop_rate=0.0%)
preprocess-1  | preprocessed orders_20261001_162959_097288_0054.csv -> features_orders_20261001_162959_097288_0054.csv (50/50 rows kept, drop_rate=0.0%)
preprocess-1  | preprocessed orders_20261001_163001_130169_0055.csv -> features_orders_20261001_163001_130169_0055.csv (50/50 rows kept, drop_rate=0.0%)
preprocess-1  | preprocessed orders_20261001_163003_157161_0056.csv -> features_orders_20261001_163003_157161_0056.csv (50/50 rows kept, drop_rate=0.0%)
preprocess-1  | preprocessed orders_20261001_163005_209790_0057.csv -> features_orders_20261001_163005_209790_0057.csv (50/50 rows kept, drop_rate=0.0%)
preprocess-1  | preprocessed orders_20261001_163007_259156_0058.csv -> features_orders_20261001_163007_259156_0058.csv (50/50 rows kept, drop_rate=0.0%)
preprocess-1  | preprocessed orders_20261001_163009_279382_0059.csv -> features_orders_20261001_163009_279382_0059.csv (50/50 rows kept, drop_rate=0.0%)
preprocess-1  | preprocessed orders_20261001_163011_299163_0060.csv -> features_orders_20261001_163011_299163_0060.csv (50/50 rows kept, drop_rate=0.0%)
preprocess-1  | preprocessed orders_20261001_163013_313259_0061.csv -> features_orders_20261001_163013_313259_0061.csv (50/50 rows kept, drop_rate=0.0%)
preprocess-1  | preprocessed orders_20261001_163015_350015_0062.csv -> features_orders_20261001_163015_350015_0062.csv (50/50 rows kept, drop_rate=0.0%)
preprocess-1  | preprocessed orders_20261001_163017_365164_0063.csv -> features_orders_20261001_163017_365164_0063.csv (50/50 rows kept, drop_rate=0.0%)
preprocess-1  | preprocessed orders_20261001_163019_391564_0064.csv -> features_orders_20261001_163019_391564_0064.csv (50/50 rows kept, drop_rate=0.0%)
preprocess-1  | preprocessed orders_20261001_163021_427899_0065.csv -> features_orders_20261001_163021_427899_0065.csv (50/50 rows kept, drop_rate=0.0%)
preprocess-1  | preprocessed orders_20261001_163023_466364_0066.csv -> features_orders_20261001_163023_466364_0066.csv (50/50 rows kept, drop_rate=0.0%)
preprocess-1  | preprocessed orders_20261001_163025_505738_0067.csv -> features_orders_20261001_163025_505738_0067.csv (50/50 rows kept, drop_rate=0.0%)
preprocess-1  | preprocessed orders_20261001_163027_587459_0068.csv -> features_orders_20261001_163027_587459_0068.csv (50/50 rows kept, drop_rate=0.0%)
preprocess-1  | preprocessed orders_20261001_163029_612535_0069.csv -> features_orders_20261001_163029_612535_0069.csv (50/50 rows kept, drop_rate=0.0%)
preprocess-1  | preprocessed orders_20261001_163031_624401_0070.csv -> features_orders_20261001_163031_624401_0070.csv (50/50 rows kept, drop_rate=0.0%)
preprocess-1  | preprocessed orders_20261001_163033_633731_0071.csv -> features_orders_20261001_163033_633731_0071.csv (50/50 rows kept, drop_rate=0.0%)
preprocess-1  | preprocessed orders_20261001_163035_673045_0072.csv -> features_orders_20261001_163035_673045_0072.csv (50/50 rows kept, drop_rate=0.0%)
preprocess-1  | preprocessed orders_20261001_163037_712542_0073.csv -> features_orders_20261001_163037_712542_0073.csv (50/50 rows kept, drop_rate=0.0%)
preprocess-1  | preprocessed orders_20261001_163039_740447_0074.csv -> features_orders_20261001_163039_740447_0074.csv (50/50 rows kept, drop_rate=0.0%)
preprocess-1  | preprocessed orders_20261001_163041_763390_0075.csv -> features_orders_20261001_163041_763390_0075.csv (50/50 rows kept, drop_rate=0.0%)
preprocess-1  | preprocessed orders_20261001_163043_777148_0076.csv -> features_orders_20261001_163043_777148_0076.csv (50/50 rows kept, drop_rate=0.0%)
preprocess-1  | preprocessed orders_20261001_163045_797547_0077.csv -> features_orders_20261001_163045_797547_0077.csv (50/50 rows kept, drop_rate=0.0%)
preprocess-1  | preprocessed orders_20261001_163047_806334_0078.csv -> features_orders_20261001_163047_806334_0078.csv (50/50 rows kept, drop_rate=0.0%)
preprocess-1  | preprocessed orders_20261001_163049_816025_0079.csv -> features_orders_20261001_163049_816025_0079.csv (50/50 rows kept, drop_rate=0.0%)
preprocess-1  | preprocessed orders_20261001_163051_834039_0080.csv -> features_orders_20261001_163051_834039_0080.csv (50/50 rows kept, drop_rate=0.0%)
preprocess-1  | preprocessed orders_20261001_163053_864898_0081.csv -> features_orders_20261001_163053_864898_0081.csv (50/50 rows kept, drop_rate=0.0%)
preprocess-1  | preprocessed orders_20261001_163055_893537_0082.csv -> features_orders_20261001_163055_893537_0082.csv (50/50 rows kept, drop_rate=0.0%)
preprocess-1  | preprocessed orders_20261001_163057_793080_0083.csv -> features_orders_20261001_163057_793080_0083.csv (50/50 rows kept, drop_rate=0.0%)
preprocess-1  | preprocessed orders_20261001_163059_809736_0084.csv -> features_orders_20261001_163059_809736_0084.csv (50/50 rows kept, drop_rate=0.0%)
preprocess-1  | preprocessed orders_20261001_163101_837625_0085.csv -> features_orders_20261001_163101_837625_0085.csv (50/50 rows kept, drop_rate=0.0%)
preprocess-1  | preprocessed orders_20261001_163103_850205_0086.csv -> features_orders_20261001_163103_850205_0086.csv (50/50 rows kept, drop_rate=0.0%)
preprocess-1  | preprocessed orders_20261001_163106_039920_0087.csv -> features_orders_20261001_163106_039920_0087.csv (50/50 rows kept, drop_rate=0.0%)
preprocess-1  | preprocessed orders_20261001_163108_094847_0088.csv -> features_orders_20261001_163108_094847_0088.csv (50/50 rows kept, drop_rate=0.0%)
preprocess-1  | preprocessed orders_20261001_163110_116972_0089.csv -> features_orders_20261001_163110_116972_0089.csv (50/50 rows kept, drop_rate=0.0%)
preprocess-1  | preprocessed orders_20261001_163112_148603_0090.csv -> features_orders_20261001_163112_148603_0090.csv (50/50 rows kept, drop_rate=0.0%)
preprocess-1  | preprocessed orders_20261001_163114_164962_0091.csv -> features_orders_20261001_163114_164962_0091.csv (50/50 rows kept, drop_rate=0.0%)
preprocess-1  | preprocessed orders_20261001_163116_205141_0092.csv -> features_orders_20261001_163116_205141_0092.csv (50/50 rows kept, drop_rate=0.0%)
train-1       | trained checkpoint checkpoint_20261001_163052_072514.joblib (accuracy=0.740, labeled=4000)
train-1       | trained checkpoint checkpoint_20261001_163054_289761.joblib (accuracy=0.747, labeled=4050)
train-1       | trained checkpoint checkpoint_20261001_163056_327127.joblib (accuracy=0.749, labeled=4100)
train-1       | trained checkpoint checkpoint_20261001_163058_470540.joblib (accuracy=0.749, labeled=4150)
train-1       | trained checkpoint checkpoint_20261001_163100_614266.joblib (accuracy=0.744, labeled=4200)
train-1       | trained checkpoint checkpoint_20261001_163102_696975.joblib (accuracy=0.745, labeled=4250)
train-1       | trained checkpoint checkpoint_20261001_163104_859407.joblib (accuracy=0.750, labeled=4300)
train-1       | trained checkpoint checkpoint_20261001_163107_033207.joblib (accuracy=0.730, labeled=4350)
train-1       | trained checkpoint checkpoint_20261001_163109_339484.joblib (accuracy=0.755, labeled=4400)
train-1       | trained checkpoint checkpoint_20261001_163111_481329.joblib (accuracy=0.744, labeled=4500)
train-1       | trained checkpoint checkpoint_20261001_163113_572151.joblib (accuracy=0.745, labeled=4550)
train-1       | trained checkpoint checkpoint_20261001_163115_765908.joblib (accuracy=0.747, labeled=4600)
train-1       | trained checkpoint checkpoint_20261001_163117_978021.joblib (accuracy=0.739, labeled=4650)

 Container dashbite-test-d2bcb3b447c4-dashboard-1 Stopping 
 Container dashbite-test-d2bcb3b447c4-infer-1 Stopping 
 Container dashbite-test-d2bcb3b447c4-preprocess-1 Stopping 
 Container dashbite-test-d2bcb3b447c4-simulator-1 Stopping 
 Container dashbite-test-d2bcb3b447c4-train-1 Stopping 
 Container dashbite-test-d2bcb3b447c4-simulator-1 Stopped 
 Container dashbite-test-d2bcb3b447c4-preprocess-1 Stopped 
 Container dashbite-test-d2bcb3b447c4-train-1 Stopped 
 Container dashbite-test-d2bcb3b447c4-infer-1 Stopped 
 Container dashbite-test-d2bcb3b447c4-dashboard-1 Stopped 

Preserved project dashbite-test-d2bcb3b447c4. Inspect with docker compose -p dashbite-test-d2bcb3b447c4 ps -a; do not replace its manifest.
